ASxxxx Linker V03.00 + NoICE + sdld,  page 1.
Hexadecimal  [32-Bits]

Area                                    Addr        Size        Decimal Bytes (Attributes)
--------------------------------        ----        ----        ------- ----- ------------
.  .ABS.                            00000000    00000000 =           0. bytes (ABS,CON)

      Value  Global                              Global Defined In Module
      -----  --------------------------------   ------------------------
     00000000  .__.ABS.                           cpct_keyboard
     00000000  l__DATA                         
     000002A8  l__CODE                         
     00004000  s__CODE                         
     000042A8  s__DATA                         

ASxxxx Linker V03.00 + NoICE + sdld,  page 2.
Hexadecimal  [32-Bits]

Area                                    Addr        Size        Decimal Bytes (Attributes)
--------------------------------        ----        ----        ------- ----- ------------
_CODE                               00004000    000002A8 =         680. bytes (REL,CON)

      Value  Global                              Global Defined In Module
      -----  --------------------------------   ------------------------
     00004000  _main                              cpct_keyboard
     0000404E  personaje                          cpct_keyboard
     00004057  p_a                                cpct_keyboard
     00004060  p_a1                               cpct_keyboard
     00004069  p_a2                               cpct_keyboard
     00004072  ent_draw                           cpct_keyboard
     0000408C  ent_clear                          cpct_keyboard
     0000409C  ent_update                         cpct_keyboard
     000040A3  ent_move                           cpct_keyboard
     000040B6  ent_collide                        cpct_keyboard
     000040FD  ent_moveKeyboard                   cpct_keyboard
     00004166  llave                              cpct_keyboard
     0000416F  keys_picked                        cpct_keyboard
     00004173  _cpct_isKeyPressed                 cpct_keyboard
     00004173  cpct_isKeyPressed_asm              cpct_keyboard
     0000417F  _cpct_keyboardStatusBuffer         cpct_keyboard
     00004189  _cpct_waitVSYNC                    cpct_video
     00004189  cpct_waitVSYNC_asm                 cpct_video
     00004191  cpct_setVideoMode_asm              cpct_video
     0000419E  _cpct_disableFirmware              cpct_firmware
     0000419E  _cpct_removeInterruptHandler       cpct_firmware
     0000419E  cpct_disableFirmware_asm           cpct_firmware
     0000419E  cpct_removeInterruptHandler_asm    cpct_firmware
     000041AE  cpct_drawSolidBox_asm              cpct_sprites
     0000425A  _cpct_mode_rom_status              cpct_firmware
     0000425B  cpct_getScreenPtr_asm              cpct_video
     00004277  _cpct_scanKeyboard                 cpct_keyboard
     00004277  cpct_scanKeyboard_asm              cpct_keyboard

ASxxxx Linker V03.00 + NoICE + sdld,  page 3.

Files Linked                              [ module(s) ]

obj/main.rel                              [ cpct_keyboard ]
obj/entity.rel                            [ cpct_keyboard ]
obj/entity.h.rel                          [  ]
obj/keys.h.rel                            [  ]
obj/main.h.rel                            [  ]
obj/keys.rel                              [ cpct_keyboard ]


Libraries Linked                          [ object file ]

/home/diego/cpctelera/cpctelera/cpctelera.lib
                                          [ cpct_isKeyPressed.rel ]
/home/diego/cpctelera/cpctelera/cpctelera.lib
                                          [ keyboard.rel ]
/home/diego/cpctelera/cpctelera/cpctelera.lib
                                          [ cpct_waitVSYNC.rel ]
/home/diego/cpctelera/cpctelera/cpctelera.lib
                                          [ cpct_setVideoMode_asmbindings.re ]
/home/diego/cpctelera/cpctelera/cpctelera.lib
                                          [ cpct_removeInterruptHandler.rel ]
/home/diego/cpctelera/cpctelera/cpctelera.lib
                                          [ cpct_drawSolidBox_asmbindings.re ]
/home/diego/cpctelera/cpctelera/cpctelera.lib
                                          [ cpc_mode_rom_status.rel ]
/home/diego/cpctelera/cpctelera/cpctelera.lib
                                          [ cpct_getScreenPtr_asmbindings.re ]
/home/diego/cpctelera/cpctelera/cpctelera.lib
                                          [ cpct_scanKeyboard.rel ]

ASxxxx Linker V03.00 + NoICE + sdld,  page 4.

User Base Address Definitions

_CODE = 0x4000
_DATA = 0x0000

