ASxxxx Linker V03.00 + NoICE + sdld,  page 1.
Hexadecimal  [32-Bits]

Area                                    Addr        Size        Decimal Bytes (Attributes)
--------------------------------        ----        ----        ------- ----- ------------
.  .ABS.                            00000000    00000000 =           0. bytes (ABS,CON)

      Value  Global                              Global Defined In Module
      -----  --------------------------------   ------------------------
     00000000  .__.ABS.                           cpct_keyboard
     00000000  l__DATA                         
     00000246  l__CODE                         
     00004000  s__CODE                         
     00004246  s__DATA                         

ASxxxx Linker V03.00 + NoICE + sdld,  page 2.
Hexadecimal  [32-Bits]

Area                                    Addr        Size        Decimal Bytes (Attributes)
--------------------------------        ----        ----        ------- ----- ------------
_CODE                               00004000    00000246 =         582. bytes (REL,CON)

      Value  Global                              Global Defined In Module
      -----  --------------------------------   ------------------------
     00004000  _main                              cpct_keyboard
     00004091  hero_data                          cpct_keyboard
     00004096  enemy_data                         cpct_keyboard
     0000409F  cube_reposition                    cpct_keyboard
     000040B1  ent_new                            cpct_keyboard
     000040C6  ent_copy                           cpct_keyboard
     000040CF  ent_doForAll                       cpct_keyboard
     000040E7  ent_draw                           cpct_keyboard
     00004101  ent_clear                          cpct_keyboard
     00004111  _cpct_isKeyPressed                 cpct_keyboard
     00004111  cpct_isKeyPressed_asm              cpct_keyboard
     0000411D  _cpct_keyboardStatusBuffer         cpct_keyboard
     00004127  _cpct_waitVSYNC                    cpct_video
     00004127  cpct_waitVSYNC_asm                 cpct_video
     0000412F  cpct_setVideoMode_asm              cpct_video
     0000413C  _cpct_disableFirmware              cpct_firmware
     0000413C  _cpct_removeInterruptHandler       cpct_firmware
     0000413C  cpct_disableFirmware_asm           cpct_firmware
     0000413C  cpct_removeInterruptHandler_asm    cpct_firmware
     0000414C  cpct_drawSolidBox_asm              cpct_sprites
     000041F8  _cpct_mode_rom_status              cpct_firmware
     000041F9  cpct_getScreenPtr_asm              cpct_video
     00004215  _cpct_scanKeyboard                 cpct_keyboard
     00004215  cpct_scanKeyboard_asm              cpct_keyboard
ASxxxx Linker V03.00 + NoICE + sdld,  page 3.

Files Linked                              [ module(s) ]

obj/main.rel                              [ cpct_keyboard ]
obj/entity.rel                            [ cpct_keyboard ]
obj/main.h.rel                            [  ]
obj/entity.h.rel                          [  ]


Libraries Linked                          [ object file ]

/home/nacho/Escritorio/cpctelera-development/cpctelera/cpctelera.lib
                                          [ cpct_isKeyPressed.rel ]
/home/nacho/Escritorio/cpctelera-development/cpctelera/cpctelera.lib
                                          [ keyboard.rel ]
/home/nacho/Escritorio/cpctelera-development/cpctelera/cpctelera.lib
                                          [ cpct_waitVSYNC.rel ]
/home/nacho/Escritorio/cpctelera-development/cpctelera/cpctelera.lib
                                          [ cpct_setVideoMode_asmbindings.re ]
/home/nacho/Escritorio/cpctelera-development/cpctelera/cpctelera.lib
                                          [ cpct_removeInterruptHandler.rel ]
/home/nacho/Escritorio/cpctelera-development/cpctelera/cpctelera.lib
                                          [ cpct_drawSolidBox_asmbindings.re ]
/home/nacho/Escritorio/cpctelera-development/cpctelera/cpctelera.lib
                                          [ cpc_mode_rom_status.rel ]
/home/nacho/Escritorio/cpctelera-development/cpctelera/cpctelera.lib
                                          [ cpct_getScreenPtr_asmbindings.re ]
/home/nacho/Escritorio/cpctelera-development/cpctelera/cpctelera.lib
                                          [ cpct_scanKeyboard.rel ]

ASxxxx Linker V03.00 + NoICE + sdld,  page 4.

User Base Address Definitions

_CODE = 0x4000
_DATA = 0x0000

